2025-10-24 11:57:10,385 INFO Args: Namespace(data_dir='/j-jepa-vol/l1-jet-id/data/jetid/processed', save_dir='/j-jepa-vol/SAL-T4HEP/deltanet-pytorch-results', dataset='hls4ml', sort_by='kt', val_split=0.2, num_particles=150, d_model=16, num_heads=4, num_layers=1, conv_size=4, use_short_conv=True, dropout=0.1)
2025-10-24 11:57:10,385 INFO Using device: cuda
2025-10-24 11:57:10,385 INFO CUDA device: NVIDIA GeForce RTX 3090
2025-10-24 11:57:10,385 INFO Using dtype: torch.bfloat16 (required by DeltaNet)
2025-10-24 11:57:10,385 INFO Loading data...
2025-10-24 11:57:11,285 INFO Loaded train x=(496000, 150, 3) y=(496000, 5), val x=(124000, 150, 3) y=(124000, 5)
2025-10-24 11:57:20,755 INFO Applied 'kt' sorting
2025-10-24 11:57:21,050 INFO Total params: 1705
2025-10-24 11:57:21,050 INFO Trainable params: 1705
2025-10-24 11:57:21,051 INFO Training with batch_size=128 for 200 epochs
2025-10-24 12:20:25,920 INFO Epoch 50: train_loss=1.0245, val_loss=1.0025, train_acc=0.5986, val_acc=0.6138
2025-10-24 12:42:42,848 INFO Epoch 100: train_loss=1.0243, val_loss=1.0026, train_acc=0.5989, val_acc=0.6139
2025-10-24 13:05:26,865 INFO Epoch 150: train_loss=1.0240, val_loss=1.0017, train_acc=0.6000, val_acc=0.6136
2025-10-24 13:08:40,243 INFO Early stopping at epoch 157
2025-10-24 13:08:40,344 INFO Training with batch_size=256 for 200 epochs
2025-10-24 13:20:10,672 INFO Early stopping at epoch 245
2025-10-24 13:20:10,776 INFO Training with batch_size=512 for 200 epochs
2025-10-24 13:26:41,306 INFO Early stopping at epoch 440
2025-10-24 13:26:41,386 INFO Training with batch_size=1024 for 200 epochs
2025-10-24 13:31:30,360 INFO Early stopping at epoch 640
2025-10-24 13:31:30,411 INFO Training with batch_size=2048 for 600 epochs
2025-10-24 13:36:02,123 INFO Early stopping at epoch 840
2025-10-24 13:36:02,263 INFO Loaded best model weights
2025-10-24 13:36:02,824 INFO Training complete!
2025-10-24 19:32:56,142 INFO ======================================================================
2025-10-24 19:32:56,366 INFO Starting testing phase for DeltaNet PyTorch model
2025-10-24 19:32:56,366 INFO ======================================================================
2025-10-24 19:32:56,366 INFO Using device: cuda
2025-10-24 19:32:56,367 INFO Using dtype: torch.bfloat16 (required by DeltaNet)
2025-10-24 19:33:09,816 INFO Loaded TEST arrays: x_val_robust_150const_ptetaphi.npy, y_val_robust_150const_ptetaphi.npy
2025-10-24 19:33:09,816 INFO Test data shapes: x=(260000, 150, 3), y=(260000, 5)
2025-10-24 19:33:12,117 INFO Applied 'kt' sorting to TEST set
2025-10-24 19:33:12,383 INFO Loaded model from /j-jepa-vol/SAL-T4HEP/deltanet-pytorch-results/150/kt/trial-8/best_model.pt
2025-10-24 19:33:12,384 INFO Total parameters: 1705
2025-10-24 19:33:12,384 INFO FLOPs per inference (estimated): 1743072
2025-10-24 19:33:12,384 INFO MACs per inference (estimated): 871536
2025-10-24 19:36:32,724 INFO Avg inference time / event: 47997.97 ns
2025-10-24 19:36:43,816 INFO GPU memory — current: 233.2 MB, peak: 1269.1 MB
2025-10-24 19:37:08,715 INFO Test Accuracy: 0.6162, ROC AUC: 0.8703
2025-10-24 19:37:09,193 INFO Saved loss curves to /j-jepa-vol/SAL-T4HEP/deltanet-pytorch-results/150/kt/trial-8/test_loss_curves.png
2025-10-24 19:37:09,246 INFO ROC AUC for g: 0.8575
2025-10-24 19:37:09,309 INFO ROC AUC for q: 0.8606
2025-10-24 19:37:09,361 INFO ROC AUC for W: 0.8620
2025-10-24 19:37:09,413 INFO ROC AUC for Z: 0.8460
2025-10-24 19:37:09,467 INFO ROC AUC for t: 0.9252
2025-10-24 19:37:09,962 INFO Saved ROC curves to /j-jepa-vol/SAL-T4HEP/deltanet-pytorch-results/150/kt/trial-8/roc_curves.png
2025-10-24 19:37:09,962 INFO 1/FPR @0.8 TPR for g: 4.012
2025-10-24 19:37:09,962 INFO 1/FPR @0.8 TPR for q: 4.163
2025-10-24 19:37:09,962 INFO 1/FPR @0.8 TPR for W: 4.217
2025-10-24 19:37:09,962 INFO 1/FPR @0.8 TPR for Z: 3.796
2025-10-24 19:37:09,962 INFO 1/FPR @0.8 TPR for t: 12.374
2025-10-24 19:37:09,962 INFO Avg 1/FPR @0.8 TPR: 5.712
2025-10-24 19:37:09,994 INFO Background rejection @0.8 for W: 10.514
2025-10-24 19:37:10,024 INFO Background rejection @0.8 for Z: 12.258
2025-10-24 19:37:10,055 INFO Background rejection @0.8 for t: 6.923
2025-10-24 19:37:10,055 INFO Avg background rejection @0.8: 9.899
2025-10-24 19:37:10,129 INFO Saved results to /j-jepa-vol/SAL-T4HEP/deltanet-pytorch-results/150/kt/trial-8/RESULTS.txt
2025-10-24 19:37:10,129 INFO Testing complete!
2025-10-24 19:40:27,952 INFO ======================================================================
2025-10-24 19:40:28,087 INFO Starting testing phase for DeltaNet PyTorch model
2025-10-24 19:40:28,087 INFO ======================================================================
2025-10-24 19:40:28,087 INFO Using device: cuda
2025-10-24 19:40:28,087 INFO Using dtype: torch.bfloat16 (required by DeltaNet)
2025-10-24 19:40:35,403 INFO Loaded TEST arrays: x_val_robust_150const_ptetaphi.npy, y_val_robust_150const_ptetaphi.npy
2025-10-24 19:40:35,403 INFO Test data shapes: x=(260000, 150, 3), y=(260000, 5)
2025-10-24 19:40:37,911 INFO Applied 'kt' sorting to TEST set
2025-10-24 19:40:38,124 INFO Loaded model from /j-jepa-vol/SAL-T4HEP/deltanet-pytorch-results/150/kt/trial-8/best_model.pt
2025-10-24 19:40:38,124 INFO Total parameters: 1705
2025-10-24 19:40:38,124 INFO FLOPs per inference (estimated): 1743072
2025-10-24 19:40:38,124 INFO MACs per inference (estimated): 871536
2025-10-24 19:44:10,989 INFO Avg inference time / event: 48073.88 ns
2025-10-24 19:44:22,187 INFO GPU memory — current: 233.2 MB, peak: 1269.1 MB
2025-10-24 19:44:47,211 INFO Test Accuracy: 0.6162, ROC AUC: 0.8703
2025-10-24 19:44:47,638 INFO Saved loss curves to /j-jepa-vol/SAL-T4HEP/deltanet-pytorch-results/150/kt/trial-8/test_loss_curves.png
2025-10-24 19:44:47,697 INFO ROC AUC for g: 0.8575
2025-10-24 19:44:47,761 INFO ROC AUC for q: 0.8606
2025-10-24 19:44:47,816 INFO ROC AUC for W: 0.8620
2025-10-24 19:44:47,869 INFO ROC AUC for Z: 0.8460
2025-10-24 19:44:47,922 INFO ROC AUC for t: 0.9252
2025-10-24 19:44:48,232 INFO Saved ROC curves to /j-jepa-vol/SAL-T4HEP/deltanet-pytorch-results/150/kt/trial-8/roc_curves.png
2025-10-24 19:44:48,232 INFO 1/FPR @0.8 TPR for g: 4.012
2025-10-24 19:44:48,232 INFO 1/FPR @0.8 TPR for q: 4.163
2025-10-24 19:44:48,232 INFO 1/FPR @0.8 TPR for W: 4.217
2025-10-24 19:44:48,232 INFO 1/FPR @0.8 TPR for Z: 3.796
2025-10-24 19:44:48,232 INFO 1/FPR @0.8 TPR for t: 12.374
2025-10-24 19:44:48,232 INFO Avg 1/FPR @0.8 TPR: 5.712
2025-10-24 19:44:48,263 INFO Background rejection @0.8 for W: 10.514
2025-10-24 19:44:48,294 INFO Background rejection @0.8 for Z: 12.258
2025-10-24 19:44:48,324 INFO Background rejection @0.8 for t: 6.923
2025-10-24 19:44:48,324 INFO Avg background rejection @0.8: 9.899
2025-10-24 19:44:48,538 INFO Saved results to /j-jepa-vol/SAL-T4HEP/deltanet-pytorch-results/150/kt/trial-8/RESULTS.txt
2025-10-24 19:44:48,539 INFO Testing complete!
2025-10-24 19:48:13,122 INFO ======================================================================
2025-10-24 19:48:13,237 INFO Starting testing phase for DeltaNet PyTorch model
2025-10-24 19:48:13,237 INFO ======================================================================
2025-10-24 19:48:13,237 INFO Using device: cuda
2025-10-24 19:48:13,237 INFO Using dtype: torch.bfloat16 (required by DeltaNet)
2025-10-24 19:48:20,639 INFO Loaded TEST arrays: x_val_robust_150const_ptetaphi.npy, y_val_robust_150const_ptetaphi.npy
2025-10-24 19:48:20,640 INFO Test data shapes: x=(260000, 150, 3), y=(260000, 5)
2025-10-24 19:48:22,974 INFO Applied 'kt' sorting to TEST set
2025-10-24 19:48:23,181 INFO Loaded model from /j-jepa-vol/SAL-T4HEP/deltanet-pytorch-results/150/kt/trial-8/best_model.pt
2025-10-24 19:48:23,181 INFO Total parameters: 1705
2025-10-24 19:48:23,182 INFO FLOPs per inference (estimated): 1743072
2025-10-24 19:48:23,182 INFO MACs per inference (estimated): 871536
2025-10-24 19:51:48,259 INFO Avg inference time / event: 48049.56 ns
2025-10-24 19:51:59,799 INFO GPU memory — current: 233.2 MB, peak: 1269.1 MB
2025-10-24 19:52:24,973 INFO Test Accuracy: 0.6162, ROC AUC: 0.8703
2025-10-24 19:52:25,359 INFO Saved loss curves to /j-jepa-vol/SAL-T4HEP/deltanet-pytorch-results/150/kt/trial-8/test_loss_curves.png
2025-10-24 19:52:25,411 INFO ROC AUC for g: 0.8575
2025-10-24 19:52:25,471 INFO ROC AUC for q: 0.8606
2025-10-24 19:52:25,522 INFO ROC AUC for W: 0.8620
2025-10-24 19:52:25,573 INFO ROC AUC for Z: 0.8460
2025-10-24 19:52:25,629 INFO ROC AUC for t: 0.9252
2025-10-24 19:52:25,940 INFO Saved ROC curves to /j-jepa-vol/SAL-T4HEP/deltanet-pytorch-results/150/kt/trial-8/roc_curves.png
2025-10-24 19:52:25,940 INFO 1/FPR @0.8 TPR for g: 4.012
2025-10-24 19:52:25,940 INFO 1/FPR @0.8 TPR for q: 4.163
2025-10-24 19:52:25,941 INFO 1/FPR @0.8 TPR for W: 4.217
2025-10-24 19:52:25,941 INFO 1/FPR @0.8 TPR for Z: 3.796
2025-10-24 19:52:25,941 INFO 1/FPR @0.8 TPR for t: 12.374
2025-10-24 19:52:25,941 INFO Avg 1/FPR @0.8 TPR: 5.712
2025-10-24 19:52:25,971 INFO Background rejection @0.8 for W: 10.514
2025-10-24 19:52:26,002 INFO Background rejection @0.8 for Z: 12.258
2025-10-24 19:52:26,031 INFO Background rejection @0.8 for t: 6.923
2025-10-24 19:52:26,031 INFO Avg background rejection @0.8: 9.899
2025-10-24 19:52:26,167 INFO Saved results to /j-jepa-vol/SAL-T4HEP/deltanet-pytorch-results/150/kt/trial-8/RESULTS.txt
2025-10-24 19:52:26,167 INFO Testing complete!
2025-10-24 19:55:58,539 INFO ======================================================================
2025-10-24 19:55:58,704 INFO Starting testing phase for DeltaNet PyTorch model
2025-10-24 19:55:58,704 INFO ======================================================================
2025-10-24 19:55:58,704 INFO Using device: cuda
2025-10-24 19:55:58,705 INFO Using dtype: torch.bfloat16 (required by DeltaNet)
2025-10-24 19:56:05,910 INFO Loaded TEST arrays: x_val_robust_150const_ptetaphi.npy, y_val_robust_150const_ptetaphi.npy
2025-10-24 19:56:05,910 INFO Test data shapes: x=(260000, 150, 3), y=(260000, 5)
2025-10-24 19:56:08,243 INFO Applied 'kt' sorting to TEST set
2025-10-24 19:56:08,455 INFO Loaded model from /j-jepa-vol/SAL-T4HEP/deltanet-pytorch-results/150/kt/trial-8/best_model.pt
2025-10-24 19:56:08,455 INFO Total parameters: 1705
2025-10-24 19:56:08,455 INFO FLOPs per inference (estimated): 1743072
2025-10-24 19:56:08,455 INFO MACs per inference (estimated): 871536
2025-10-24 19:59:28,714 INFO Avg inference time / event: 48047.84 ns
2025-10-24 19:59:39,773 INFO GPU memory — current: 233.2 MB, peak: 1269.1 MB
2025-10-24 20:00:04,693 INFO Test Accuracy: 0.6162, ROC AUC: 0.8703
2025-10-24 20:00:05,116 INFO Saved loss curves to /j-jepa-vol/SAL-T4HEP/deltanet-pytorch-results/150/kt/trial-8/test_loss_curves.png
2025-10-24 20:00:05,168 INFO ROC AUC for g: 0.8575
2025-10-24 20:00:05,230 INFO ROC AUC for q: 0.8606
2025-10-24 20:00:05,283 INFO ROC AUC for W: 0.8620
2025-10-24 20:00:05,336 INFO ROC AUC for Z: 0.8460
2025-10-24 20:00:05,390 INFO ROC AUC for t: 0.9252
2025-10-24 20:00:05,737 INFO Saved ROC curves to /j-jepa-vol/SAL-T4HEP/deltanet-pytorch-results/150/kt/trial-8/roc_curves.png
2025-10-24 20:00:05,737 INFO 1/FPR @0.8 TPR for g: 4.012
2025-10-24 20:00:05,737 INFO 1/FPR @0.8 TPR for q: 4.163
2025-10-24 20:00:05,737 INFO 1/FPR @0.8 TPR for W: 4.217
2025-10-24 20:00:05,737 INFO 1/FPR @0.8 TPR for Z: 3.796
2025-10-24 20:00:05,737 INFO 1/FPR @0.8 TPR for t: 12.374
2025-10-24 20:00:05,737 INFO Avg 1/FPR @0.8 TPR: 5.712
2025-10-24 20:00:05,771 INFO Background rejection @0.8 for W: 10.514
2025-10-24 20:00:05,805 INFO Background rejection @0.8 for Z: 12.258
2025-10-24 20:00:05,836 INFO Background rejection @0.8 for t: 6.923
2025-10-24 20:00:05,836 INFO Avg background rejection @0.8: 9.899
2025-10-24 20:00:05,939 INFO Saved results to /j-jepa-vol/SAL-T4HEP/deltanet-pytorch-results/150/kt/trial-8/RESULTS.txt
2025-10-24 20:00:05,939 INFO Testing complete!
2025-10-24 20:04:43,097 INFO ======================================================================
2025-10-24 20:04:43,311 INFO Starting testing phase for DeltaNet PyTorch model
2025-10-24 20:04:43,311 INFO ======================================================================
2025-10-24 20:04:43,311 INFO Using device: cuda
2025-10-24 20:04:43,311 INFO Using dtype: torch.bfloat16 (required by DeltaNet)
2025-10-24 20:05:02,275 INFO Loaded TEST arrays: x_val_robust_150const_ptetaphi.npy, y_val_robust_150const_ptetaphi.npy
2025-10-24 20:05:02,276 INFO Test data shapes: x=(260000, 150, 3), y=(260000, 5)
2025-10-24 20:05:04,594 INFO Applied 'kt' sorting to TEST set
2025-10-24 20:05:04,798 INFO Loaded model from /j-jepa-vol/SAL-T4HEP/deltanet-pytorch-results/150/kt/trial-8/best_model.pt
2025-10-24 20:05:04,798 INFO Total parameters: 1705
2025-10-24 20:05:04,798 INFO FLOPs per inference (estimated): 1743072
2025-10-24 20:05:04,798 INFO MACs per inference (estimated): 871536
2025-10-24 20:08:25,577 INFO Avg inference time / event: 48037.27 ns
2025-10-24 20:08:36,861 INFO GPU memory — current: 233.2 MB, peak: 1269.1 MB
2025-10-24 20:09:01,858 INFO Test Accuracy: 0.6162, ROC AUC: 0.8703
2025-10-24 20:09:02,252 INFO Saved loss curves to /j-jepa-vol/SAL-T4HEP/deltanet-pytorch-results/150/kt/trial-8/test_loss_curves.png
2025-10-24 20:09:02,303 INFO ROC AUC for g: 0.8575
2025-10-24 20:09:02,363 INFO ROC AUC for q: 0.8606
2025-10-24 20:09:02,421 INFO ROC AUC for W: 0.8620
2025-10-24 20:09:02,483 INFO ROC AUC for Z: 0.8460
2025-10-24 20:09:02,549 INFO ROC AUC for t: 0.9252
2025-10-24 20:09:02,933 INFO Saved ROC curves to /j-jepa-vol/SAL-T4HEP/deltanet-pytorch-results/150/kt/trial-8/roc_curves.png
2025-10-24 20:09:02,933 INFO 1/FPR @0.8 TPR for g: 4.012
2025-10-24 20:09:02,933 INFO 1/FPR @0.8 TPR for q: 4.163
2025-10-24 20:09:02,933 INFO 1/FPR @0.8 TPR for W: 4.217
2025-10-24 20:09:02,933 INFO 1/FPR @0.8 TPR for Z: 3.796
2025-10-24 20:09:02,933 INFO 1/FPR @0.8 TPR for t: 12.374
2025-10-24 20:09:02,933 INFO Avg 1/FPR @0.8 TPR: 5.712
2025-10-24 20:09:02,965 INFO Background rejection @0.8 for W: 10.514
2025-10-24 20:09:02,997 INFO Background rejection @0.8 for Z: 12.258
2025-10-24 20:09:03,027 INFO Background rejection @0.8 for t: 6.923
2025-10-24 20:09:03,027 INFO Avg background rejection @0.8: 9.899
2025-10-24 20:09:03,079 INFO Saved results to /j-jepa-vol/SAL-T4HEP/deltanet-pytorch-results/150/kt/trial-8/RESULTS.txt
2025-10-24 20:09:03,079 INFO Testing complete!
2025-10-24 20:17:51,535 INFO ======================================================================
2025-10-24 20:17:51,633 INFO Starting testing phase for DeltaNet PyTorch model
2025-10-24 20:17:51,634 INFO ======================================================================
2025-10-24 20:17:51,634 INFO Using device: cuda
2025-10-24 20:17:51,634 INFO Using dtype: torch.bfloat16 (required by DeltaNet)
2025-10-24 20:17:58,801 INFO Loaded TEST arrays: x_val_robust_150const_ptetaphi.npy, y_val_robust_150const_ptetaphi.npy
2025-10-24 20:17:58,801 INFO Test data shapes: x=(260000, 150, 3), y=(260000, 5)
2025-10-24 20:18:01,144 INFO Applied 'kt' sorting to TEST set
2025-10-24 20:18:01,390 INFO Loaded model from /j-jepa-vol/SAL-T4HEP/deltanet-pytorch-results/150/kt/trial-8/best_model.pt
2025-10-24 20:18:01,390 INFO Total parameters: 1705
2025-10-24 20:18:01,390 INFO FLOPs per inference (estimated): 1743072
2025-10-24 20:18:01,390 INFO MACs per inference (estimated): 871536
2025-10-24 20:21:22,439 INFO Avg inference time / event: 48106.38 ns
2025-10-24 20:21:33,902 INFO GPU memory — current: 233.2 MB, peak: 1269.1 MB
2025-10-24 20:21:59,197 INFO Test Accuracy: 0.6162, ROC AUC: 0.8703
2025-10-24 20:21:59,643 INFO Saved loss curves to /j-jepa-vol/SAL-T4HEP/deltanet-pytorch-results/150/kt/trial-8/test_loss_curves.png
2025-10-24 20:21:59,699 INFO ROC AUC for g: 0.8575
2025-10-24 20:21:59,765 INFO ROC AUC for q: 0.8606
2025-10-24 20:21:59,823 INFO ROC AUC for W: 0.8620
2025-10-24 20:21:59,880 INFO ROC AUC for Z: 0.8460
2025-10-24 20:21:59,937 INFO ROC AUC for t: 0.9252
2025-10-24 20:22:00,293 INFO Saved ROC curves to /j-jepa-vol/SAL-T4HEP/deltanet-pytorch-results/150/kt/trial-8/roc_curves.png
2025-10-24 20:22:00,293 INFO 1/FPR @0.8 TPR for g: 4.012
2025-10-24 20:22:00,293 INFO 1/FPR @0.8 TPR for q: 4.163
2025-10-24 20:22:00,293 INFO 1/FPR @0.8 TPR for W: 4.217
2025-10-24 20:22:00,293 INFO 1/FPR @0.8 TPR for Z: 3.796
2025-10-24 20:22:00,293 INFO 1/FPR @0.8 TPR for t: 12.374
2025-10-24 20:22:00,293 INFO Avg 1/FPR @0.8 TPR: 5.712
2025-10-24 20:22:00,324 INFO Background rejection @0.8 for W: 10.514
2025-10-24 20:22:00,354 INFO Background rejection @0.8 for Z: 12.258
2025-10-24 20:22:00,384 INFO Background rejection @0.8 for t: 6.923
2025-10-24 20:22:00,385 INFO Avg background rejection @0.8: 9.899
2025-10-24 20:22:00,470 INFO Saved results to /j-jepa-vol/SAL-T4HEP/deltanet-pytorch-results/150/kt/trial-8/RESULTS.txt
2025-10-24 20:22:00,470 INFO Testing complete!
2025-10-24 20:32:41,027 INFO ======================================================================
2025-10-24 20:32:41,130 INFO Starting testing phase for DeltaNet PyTorch model
2025-10-24 20:32:41,130 INFO ======================================================================
2025-10-24 20:32:41,130 INFO Using device: cuda
2025-10-24 20:32:41,131 INFO Using dtype: torch.bfloat16 (required by DeltaNet)
2025-10-24 20:32:48,571 INFO Loaded TEST arrays: x_val_robust_150const_ptetaphi.npy, y_val_robust_150const_ptetaphi.npy
2025-10-24 20:32:48,571 INFO Test data shapes: x=(260000, 150, 3), y=(260000, 5)
2025-10-24 20:32:50,899 INFO Applied 'kt' sorting to TEST set
2025-10-24 20:32:51,101 INFO Loaded model from /j-jepa-vol/SAL-T4HEP/deltanet-pytorch-results/150/kt/trial-8/best_model.pt
2025-10-24 20:32:51,101 INFO Total parameters: 1705
2025-10-24 20:32:51,101 INFO FLOPs per inference (estimated): 1743072
2025-10-24 20:32:51,101 INFO MACs per inference (estimated): 871536
2025-10-24 20:36:13,653 INFO Avg inference time / event: 47963.13 ns
2025-10-24 20:36:24,969 INFO GPU memory — current: 233.2 MB, peak: 1269.1 MB
2025-10-24 20:36:50,045 INFO Test Accuracy: 0.6162, ROC AUC: 0.8703
2025-10-24 20:36:50,535 INFO Saved loss curves to /j-jepa-vol/SAL-T4HEP/deltanet-pytorch-results/150/kt/trial-8/test_loss_curves.png
2025-10-24 20:36:50,586 INFO ROC AUC for g: 0.8575
2025-10-24 20:36:50,649 INFO ROC AUC for q: 0.8606
2025-10-24 20:36:50,701 INFO ROC AUC for W: 0.8620
2025-10-24 20:36:50,755 INFO ROC AUC for Z: 0.8460
2025-10-24 20:36:50,811 INFO ROC AUC for t: 0.9252
2025-10-24 20:36:51,231 INFO Saved ROC curves to /j-jepa-vol/SAL-T4HEP/deltanet-pytorch-results/150/kt/trial-8/roc_curves.png
2025-10-24 20:36:51,231 INFO 1/FPR @0.8 TPR for g: 4.012
2025-10-24 20:36:51,231 INFO 1/FPR @0.8 TPR for q: 4.163
2025-10-24 20:36:51,231 INFO 1/FPR @0.8 TPR for W: 4.217
2025-10-24 20:36:51,231 INFO 1/FPR @0.8 TPR for Z: 3.796
2025-10-24 20:36:51,231 INFO 1/FPR @0.8 TPR for t: 12.374
2025-10-24 20:36:51,231 INFO Avg 1/FPR @0.8 TPR: 5.712
2025-10-24 20:36:51,263 INFO Background rejection @0.8 for W: 10.514
2025-10-24 20:36:51,292 INFO Background rejection @0.8 for Z: 12.258
2025-10-24 20:36:51,323 INFO Background rejection @0.8 for t: 6.923
2025-10-24 20:36:51,323 INFO Avg background rejection @0.8: 9.899
2025-10-24 20:36:51,531 INFO Saved results to /j-jepa-vol/SAL-T4HEP/deltanet-pytorch-results/150/kt/trial-8/RESULTS.txt
2025-10-24 20:36:51,532 INFO Testing complete!
2025-10-24 22:38:13,396 INFO ======================================================================
2025-10-24 22:38:13,522 INFO Starting testing phase for DeltaNet PyTorch model
2025-10-24 22:38:13,523 INFO ======================================================================
2025-10-24 22:38:13,523 INFO Using device: cuda
2025-10-24 22:38:13,523 INFO Using dtype: torch.bfloat16 (required by DeltaNet)
2025-10-24 22:38:20,687 INFO Loaded TEST arrays: x_val_robust_150const_ptetaphi.npy, y_val_robust_150const_ptetaphi.npy
2025-10-24 22:38:20,687 INFO Test data shapes: x=(260000, 150, 3), y=(260000, 5)
2025-10-24 22:38:23,019 INFO Applied 'kt' sorting to TEST set
2025-10-24 22:38:23,231 INFO Loaded model from /j-jepa-vol/SAL-T4HEP/deltanet-pytorch-results/150/kt/trial-8/best_model.pt
2025-10-24 22:38:23,231 INFO Total parameters: 1705
2025-10-24 22:41:10,857 WARNING PyTorch profiler didn't capture FLOPs. Trying thop library...
2025-10-24 22:41:10,940 WARNING thop library not available. FLOPs cannot be measured accurately.
2025-10-24 22:41:11,225 WARNING Could not measure FLOPs accurately. Skipping FLOPs reporting.
2025-10-24 22:41:29,455 INFO Avg inference time / event: 48287.98 ns
2025-10-24 22:41:29,469 INFO GPU memory — current: 233.2 MB, peak: 1269.1 MB
2025-10-24 22:41:54,661 INFO Test Accuracy: 0.6162, ROC AUC: 0.8703
2025-10-24 22:41:55,175 INFO Saved loss curves to /j-jepa-vol/SAL-T4HEP/deltanet-pytorch-results/150/kt/trial-8/test_loss_curves.png
2025-10-24 22:41:55,231 INFO ROC AUC for g: 0.8575
2025-10-24 22:41:55,297 INFO ROC AUC for q: 0.8606
2025-10-24 22:41:55,349 INFO ROC AUC for W: 0.8620
2025-10-24 22:41:55,405 INFO ROC AUC for Z: 0.8460
2025-10-24 22:41:55,460 INFO ROC AUC for t: 0.9252
2025-10-24 22:41:55,803 INFO Saved ROC curves to /j-jepa-vol/SAL-T4HEP/deltanet-pytorch-results/150/kt/trial-8/roc_curves.png
2025-10-24 22:41:55,803 INFO 1/FPR @0.8 TPR for g: 4.012
2025-10-24 22:41:55,803 INFO 1/FPR @0.8 TPR for q: 4.163
2025-10-24 22:41:55,803 INFO 1/FPR @0.8 TPR for W: 4.217
2025-10-24 22:41:55,803 INFO 1/FPR @0.8 TPR for Z: 3.796
2025-10-24 22:41:55,803 INFO 1/FPR @0.8 TPR for t: 12.374
2025-10-24 22:41:55,803 INFO Avg 1/FPR @0.8 TPR: 5.712
2025-10-24 22:41:55,837 INFO Background rejection @0.8 for W: 10.514
2025-10-24 22:41:55,870 INFO Background rejection @0.8 for Z: 12.258
2025-10-24 22:41:55,902 INFO Background rejection @0.8 for t: 6.923
2025-10-24 22:41:55,902 INFO Avg background rejection @0.8: 9.899
2025-10-24 22:41:56,006 INFO Saved results to /j-jepa-vol/SAL-T4HEP/deltanet-pytorch-results/150/kt/trial-8/RESULTS.txt
2025-10-24 22:41:56,006 INFO Testing complete!
2025-10-24 22:45:20,953 INFO ======================================================================
2025-10-24 22:45:21,068 INFO Starting testing phase for DeltaNet PyTorch model
2025-10-24 22:45:21,068 INFO ======================================================================
2025-10-24 22:45:21,068 INFO Using device: cuda
2025-10-24 22:45:21,068 INFO Using dtype: torch.bfloat16 (required by DeltaNet)
2025-10-24 22:45:28,400 INFO Loaded TEST arrays: x_val_robust_150const_ptetaphi.npy, y_val_robust_150const_ptetaphi.npy
2025-10-24 22:45:28,400 INFO Test data shapes: x=(260000, 150, 3), y=(260000, 5)
2025-10-24 22:45:30,735 INFO Applied 'kt' sorting to TEST set
2025-10-24 22:45:30,952 INFO Loaded model from /j-jepa-vol/SAL-T4HEP/deltanet-pytorch-results/150/kt/trial-8/best_model.pt
2025-10-24 22:45:30,952 INFO Total parameters: 1705
2025-10-24 22:48:19,358 WARNING PyTorch profiler didn't capture FLOPs. Trying thop library...
2025-10-24 22:48:19,467 WARNING thop library not available. FLOPs cannot be measured accurately.
2025-10-24 22:48:19,793 WARNING Could not measure FLOPs accurately. Skipping FLOPs reporting.
2025-10-24 22:48:36,561 INFO Avg inference time / event: 48297.21 ns
2025-10-24 22:48:36,574 INFO GPU memory — current: 233.2 MB, peak: 1269.1 MB
2025-10-24 22:49:01,981 INFO Test Accuracy: 0.6162, ROC AUC: 0.8703
2025-10-24 22:49:02,440 INFO Saved loss curves to /j-jepa-vol/SAL-T4HEP/deltanet-pytorch-results/150/kt/trial-8/test_loss_curves.png
2025-10-24 22:49:02,495 INFO ROC AUC for g: 0.8575
2025-10-24 22:49:02,568 INFO ROC AUC for q: 0.8606
2025-10-24 22:49:02,621 INFO ROC AUC for W: 0.8620
2025-10-24 22:49:02,673 INFO ROC AUC for Z: 0.8460
2025-10-24 22:49:02,725 INFO ROC AUC for t: 0.9252
2025-10-24 22:49:03,136 INFO Saved ROC curves to /j-jepa-vol/SAL-T4HEP/deltanet-pytorch-results/150/kt/trial-8/roc_curves.png
2025-10-24 22:49:03,136 INFO 1/FPR @0.8 TPR for g: 4.012
2025-10-24 22:49:03,136 INFO 1/FPR @0.8 TPR for q: 4.163
2025-10-24 22:49:03,136 INFO 1/FPR @0.8 TPR for W: 4.217
2025-10-24 22:49:03,136 INFO 1/FPR @0.8 TPR for Z: 3.796
2025-10-24 22:49:03,136 INFO 1/FPR @0.8 TPR for t: 12.374
2025-10-24 22:49:03,136 INFO Avg 1/FPR @0.8 TPR: 5.712
2025-10-24 22:49:03,168 INFO Background rejection @0.8 for W: 10.514
2025-10-24 22:49:03,201 INFO Background rejection @0.8 for Z: 12.258
2025-10-24 22:49:03,232 INFO Background rejection @0.8 for t: 6.923
2025-10-24 22:49:03,232 INFO Avg background rejection @0.8: 9.899
2025-10-24 22:49:03,361 INFO Saved results to /j-jepa-vol/SAL-T4HEP/deltanet-pytorch-results/150/kt/trial-8/RESULTS.txt
2025-10-24 22:49:03,361 INFO Testing complete!
2025-10-24 22:53:06,142 INFO ======================================================================
2025-10-24 22:53:06,267 INFO Starting testing phase for DeltaNet PyTorch model
2025-10-24 22:53:06,267 INFO ======================================================================
2025-10-24 22:53:06,267 INFO Using device: cuda
2025-10-24 22:53:06,267 INFO Using dtype: torch.bfloat16 (required by DeltaNet)
2025-10-24 22:53:13,482 INFO Loaded TEST arrays: x_val_robust_150const_ptetaphi.npy, y_val_robust_150const_ptetaphi.npy
2025-10-24 22:53:13,482 INFO Test data shapes: x=(260000, 150, 3), y=(260000, 5)
2025-10-24 22:53:15,819 INFO Applied 'kt' sorting to TEST set
2025-10-24 22:53:16,031 INFO Loaded model from /j-jepa-vol/SAL-T4HEP/deltanet-pytorch-results/150/kt/trial-8/best_model.pt
2025-10-24 22:53:16,031 INFO Total parameters: 1705
2025-10-24 22:56:06,767 WARNING PyTorch profiler didn't capture FLOPs. Trying thop library...
2025-10-24 22:56:06,824 WARNING thop library not available. FLOPs cannot be measured accurately.
2025-10-24 22:56:07,108 WARNING Could not measure FLOPs accurately. Skipping FLOPs reporting.
2025-10-24 22:56:25,291 INFO Avg inference time / event: 48274.39 ns
2025-10-24 22:56:25,304 INFO GPU memory — current: 233.2 MB, peak: 1269.1 MB
2025-10-24 22:56:50,481 INFO Test Accuracy: 0.6162, ROC AUC: 0.8703
2025-10-24 22:56:50,898 INFO Saved loss curves to /j-jepa-vol/SAL-T4HEP/deltanet-pytorch-results/150/kt/trial-8/test_loss_curves.png
2025-10-24 22:56:50,951 INFO ROC AUC for g: 0.8575
2025-10-24 22:56:51,013 INFO ROC AUC for q: 0.8606
2025-10-24 22:56:51,066 INFO ROC AUC for W: 0.8620
2025-10-24 22:56:51,119 INFO ROC AUC for Z: 0.8460
2025-10-24 22:56:51,169 INFO ROC AUC for t: 0.9252
2025-10-24 22:56:51,506 INFO Saved ROC curves to /j-jepa-vol/SAL-T4HEP/deltanet-pytorch-results/150/kt/trial-8/roc_curves.png
2025-10-24 22:56:51,506 INFO 1/FPR @0.8 TPR for g: 4.012
2025-10-24 22:56:51,506 INFO 1/FPR @0.8 TPR for q: 4.163
2025-10-24 22:56:51,506 INFO 1/FPR @0.8 TPR for W: 4.217
2025-10-24 22:56:51,506 INFO 1/FPR @0.8 TPR for Z: 3.796
2025-10-24 22:56:51,506 INFO 1/FPR @0.8 TPR for t: 12.374
2025-10-24 22:56:51,506 INFO Avg 1/FPR @0.8 TPR: 5.712
2025-10-24 22:56:51,538 INFO Background rejection @0.8 for W: 10.514
2025-10-24 22:56:51,568 INFO Background rejection @0.8 for Z: 12.258
2025-10-24 22:56:51,599 INFO Background rejection @0.8 for t: 6.923
2025-10-24 22:56:51,599 INFO Avg background rejection @0.8: 9.899
2025-10-24 22:56:51,687 INFO Saved results to /j-jepa-vol/SAL-T4HEP/deltanet-pytorch-results/150/kt/trial-8/RESULTS.txt
2025-10-24 22:56:51,687 INFO Testing complete!
2025-10-24 23:14:17,280 INFO ======================================================================
2025-10-24 23:14:17,407 INFO Starting testing phase for DeltaNet PyTorch model
2025-10-24 23:14:17,407 INFO ======================================================================
2025-10-24 23:14:17,407 INFO Using device: cuda
2025-10-24 23:14:17,408 INFO Using dtype: torch.bfloat16 (required by DeltaNet)
2025-10-24 23:14:27,094 INFO Loaded TEST arrays: x_val_robust_150const_ptetaphi.npy, y_val_robust_150const_ptetaphi.npy
2025-10-24 23:14:27,094 INFO Test data shapes: x=(260000, 150, 3), y=(260000, 5)
2025-10-24 23:14:32,933 INFO Applied 'kt' sorting to TEST set
2025-10-24 23:22:29,992 INFO ======================================================================
2025-10-24 23:22:30,092 INFO Starting testing phase for DeltaNet PyTorch model
2025-10-24 23:22:30,092 INFO ======================================================================
2025-10-24 23:22:30,092 INFO Using device: cuda
2025-10-24 23:22:30,093 INFO Using dtype: torch.bfloat16 (required by DeltaNet)
2025-10-24 23:22:39,179 INFO Loaded TEST arrays: x_val_robust_150const_ptetaphi.npy, y_val_robust_150const_ptetaphi.npy
2025-10-24 23:22:39,179 INFO Test data shapes: x=(260000, 150, 3), y=(260000, 5)
2025-10-24 23:22:44,335 INFO Applied 'kt' sorting to TEST set
2025-10-24 23:26:00,895 INFO ======================================================================
2025-10-24 23:26:01,018 INFO Starting testing phase for DeltaNet PyTorch model
2025-10-24 23:26:01,018 INFO ======================================================================
2025-10-24 23:26:01,018 INFO Using device: cuda
2025-10-24 23:26:01,019 INFO Using dtype: torch.bfloat16 (required by DeltaNet)
2025-10-24 23:26:11,083 INFO Loaded TEST arrays: x_val_robust_150const_ptetaphi.npy, y_val_robust_150const_ptetaphi.npy
2025-10-24 23:26:11,083 INFO Test data shapes: x=(260000, 150, 3), y=(260000, 5)
2025-10-24 23:26:18,547 INFO Applied 'kt' sorting to TEST set
2025-10-24 23:29:44,176 INFO ======================================================================
2025-10-24 23:29:44,288 INFO Starting testing phase for DeltaNet PyTorch model
2025-10-24 23:29:44,288 INFO ======================================================================
2025-10-24 23:29:44,289 INFO Using device: cuda
2025-10-24 23:29:44,289 INFO Using dtype: torch.bfloat16 (required by DeltaNet)
2025-10-24 23:29:55,561 INFO Loaded TEST arrays: x_val_robust_150const_ptetaphi.npy, y_val_robust_150const_ptetaphi.npy
2025-10-24 23:29:55,561 INFO Test data shapes: x=(260000, 150, 3), y=(260000, 5)
2025-10-24 23:30:04,027 INFO Applied 'kt' sorting to TEST set
2025-10-24 23:33:50,011 INFO ======================================================================
2025-10-24 23:33:50,203 INFO Starting testing phase for DeltaNet PyTorch model
2025-10-24 23:33:50,203 INFO ======================================================================
2025-10-24 23:33:50,203 INFO Using device: cuda
2025-10-24 23:33:50,203 INFO Using dtype: torch.bfloat16 (required by DeltaNet)
2025-10-24 23:34:10,496 INFO Loaded TEST arrays: x_val_robust_150const_ptetaphi.npy, y_val_robust_150const_ptetaphi.npy
2025-10-24 23:34:10,497 INFO Test data shapes: x=(260000, 150, 3), y=(260000, 5)
2025-10-24 23:34:23,653 INFO Applied 'kt' sorting to TEST set
2025-10-24 23:38:45,664 INFO ======================================================================
2025-10-24 23:38:45,777 INFO Starting testing phase for DeltaNet PyTorch model
2025-10-24 23:38:45,777 INFO ======================================================================
2025-10-24 23:38:45,777 INFO Using device: cuda
2025-10-24 23:38:45,778 INFO Using dtype: torch.bfloat16 (required by DeltaNet)
2025-10-24 23:38:53,739 INFO Loaded TEST arrays: x_val_robust_150const_ptetaphi.npy, y_val_robust_150const_ptetaphi.npy
2025-10-24 23:38:53,739 INFO Test data shapes: x=(260000, 150, 3), y=(260000, 5)
2025-10-24 23:38:57,716 INFO Applied 'kt' sorting to TEST set
2025-10-24 23:44:42,128 INFO ======================================================================
2025-10-24 23:44:42,327 INFO Starting testing phase for DeltaNet PyTorch model
2025-10-24 23:44:42,327 INFO ======================================================================
2025-10-24 23:44:42,327 INFO Using device: cuda
2025-10-24 23:44:42,327 INFO Using dtype: torch.bfloat16 (required by DeltaNet)
2025-10-24 23:44:51,883 INFO Loaded TEST arrays: x_val_robust_150const_ptetaphi.npy, y_val_robust_150const_ptetaphi.npy
2025-10-24 23:44:51,884 INFO Test data shapes: x=(260000, 150, 3), y=(260000, 5)
2025-10-24 23:44:55,652 INFO Applied 'kt' sorting to TEST set
2025-10-24 23:53:26,362 INFO ======================================================================
2025-10-24 23:53:26,475 INFO Starting testing phase for DeltaNet PyTorch model
2025-10-24 23:53:26,475 INFO ======================================================================
2025-10-24 23:53:26,475 INFO Using device: cuda
2025-10-24 23:53:26,475 INFO Using dtype: torch.bfloat16 (required by DeltaNet)
2025-10-24 23:53:34,438 INFO Loaded TEST arrays: x_val_robust_150const_ptetaphi.npy, y_val_robust_150const_ptetaphi.npy
2025-10-24 23:53:34,438 INFO Test data shapes: x=(260000, 150, 3), y=(260000, 5)
2025-10-24 23:53:40,167 INFO Applied 'kt' sorting to TEST set
